68403 INFO: Build complete! The results are available in: D:\1共享文件夹备份\编外人员\dist
